2025-11-24 19:48:41,522 - INFO - ============================================================
2025-11-24 19:48:41,522 - INFO - UBER ANALYTICS PIPELINE EXECUTION STARTED
2025-11-24 19:48:41,523 - INFO - Execution Time: 2025-11-24 19:48:41
2025-11-24 19:48:41,524 - INFO - ============================================================
2025-11-24 19:49:20,050 - INFO - ============================================================
2025-11-24 19:49:20,051 - INFO - UBER ANALYTICS PIPELINE EXECUTION STARTED
2025-11-24 19:49:20,052 - INFO - Execution Time: 2025-11-24 19:49:20
2025-11-24 19:49:20,052 - INFO - ============================================================
2025-11-24 19:49:41,692 - INFO - Creating target column: RideCompleted
2025-11-24 19:49:41,804 - INFO - Target column created. Total records: 150000
2025-11-24 19:50:40,492 - INFO - Creating dimension tables...
2025-11-24 19:50:41,359 - INFO - dim_customer created: 149779 unique customers
2025-11-24 19:50:41,665 - INFO - dim_driver created: 22 unique driver ratings
2025-11-24 19:50:41,923 - INFO - dim_vehicle created: 7 vehicle types
2025-11-24 19:50:42,553 - INFO - dim_location created: 30564 unique locations
2025-11-24 19:51:03,650 - INFO - Starting feature engineering...
2025-11-24 19:51:03,672 - INFO - Created 3 string indexers
2025-11-24 19:51:03,673 - INFO - Feature columns selected: ['Avg VTAT', 'Avg CTAT', 'Ride Distance', 'VehicleType_Index', 'PickupLocation_Index', 'DropLocation_Index']
2025-11-24 19:51:03,680 - INFO - VectorAssembler created
2025-11-24 19:51:14,285 - INFO - Creating facts_rides table...
2025-11-24 19:51:14,387 - INFO - facts_rides created with 13 columns and 150000 records
2025-11-24 19:51:44,493 - INFO - Splitting data into train/test sets (70/30)...
2025-11-24 19:51:45,023 - INFO - Test set: 44789 records
2025-11-24 19:51:45,304 - INFO - Training set: 105211 records
2025-11-24 19:52:13,185 - INFO - Splitting data into train/test sets (70/30)...
2025-11-24 19:52:13,444 - INFO - Test set: 29850 records
2025-11-24 19:52:13,696 - INFO - Training set: 120150 records
2025-11-24 19:52:19,460 - INFO - Defining ML models...
2025-11-24 19:52:19,483 - INFO - RandomForestClassifier: numTrees=50, maxDepth=10, maxBins=200
2025-11-24 19:52:19,491 - INFO - GBTClassifier: maxIter=50, maxBins=200
2025-11-24 19:52:19,492 - INFO - LogisticRegression: maxIter=50
2025-11-24 19:52:29,906 - INFO - Creating ML pipelines...
2025-11-24 19:52:29,907 - INFO - RandomForest pipeline created with 5 stages
2025-11-24 19:53:24,284 - INFO - Creating ML pipelines...
2025-11-24 19:53:24,285 - INFO - RandomForest pipeline created with 5 stages
2025-11-24 19:53:24,286 - INFO - LogisticRegression pipeline created with 5 stages
2025-11-24 19:53:24,286 - INFO - GBT pipeline created with 5 stages
2025-11-24 19:57:20,089 - INFO - ============================================================
2025-11-24 19:57:20,089 - INFO - STARTING MODEL TRAINING
2025-11-24 19:57:20,090 - INFO - ============================================================
2025-11-24 19:57:30,245 - INFO - RandomForest training completed in 10.15 seconds
2025-11-24 19:57:35,597 - INFO - LogisticRegression training completed in 5.35 seconds
2025-11-24 19:58:02,287 - INFO - GBTClassifier training completed in 26.69 seconds
2025-11-24 19:58:02,288 - INFO - Total training time: 42.19 seconds
2025-11-24 19:58:10,600 - INFO - ============================================================
2025-11-24 19:58:10,600 - INFO - STARTING MODEL PREDICTIONS
2025-11-24 19:58:10,601 - INFO - ============================================================
2025-11-24 19:58:10,753 - INFO - GBTClassifier predictions completed
2025-11-24 19:59:06,150 - INFO - ============================================================
2025-11-24 19:59:06,151 - INFO - STARTING MODEL PREDICTIONS
2025-11-24 19:59:06,151 - INFO - ============================================================
2025-11-24 19:59:18,353 - INFO - Evaluating model performance...
2025-11-24 19:59:18,896 - INFO - RandomForest RMSE: 0.2091
2025-11-24 19:59:19,520 - INFO - GBTClassifier RMSE: 0.2109
2025-11-24 19:59:19,521 - INFO - LogisticRegression RMSE: 0.2286
2025-11-24 19:59:41,948 - INFO - ============================================================
2025-11-24 19:59:41,948 - INFO - FINAL BENCHMARK RESULTS
2025-11-24 19:59:41,949 - INFO - ============================================================
2025-11-24 19:59:43,706 - INFO - RandomForest -> Accuracy: 0.9563, RMSE: 0.2091
2025-11-24 19:59:43,707 - INFO - GBTClassifier -> Accuracy: 0.9555, RMSE: 0.2109
2025-11-24 19:59:43,707 - INFO - LogisticRegression -> Accuracy: 0.9477, RMSE: 0.2286
2025-11-24 19:59:43,707 - INFO - ============================================================
2025-11-24 19:59:43,708 - INFO - PIPELINE EXECUTION COMPLETED SUCCESSFULLY
2025-11-24 19:59:43,709 - INFO - ============================================================
2025-11-27 17:49:03,706 - INFO - ============================================================
2025-11-27 17:49:03,707 - INFO - UBER ANALYTICS PIPELINE EXECUTION STARTED
2025-11-27 17:49:03,708 - INFO - Execution Time: 2025-11-27 17:49:03
2025-11-27 17:49:03,709 - INFO - ============================================================
2025-11-27 17:49:14,603 - INFO - Creating target column: RideCompleted
2025-11-27 17:49:14,714 - INFO - Target column created. Total records: 150000
2025-11-27 17:49:23,090 - INFO - Creating dimension tables...
2025-11-27 17:49:23,942 - INFO - dim_customer created: 149779 unique customers
2025-11-27 17:49:24,247 - INFO - dim_driver created: 22 unique driver ratings
2025-11-27 17:49:24,492 - INFO - dim_vehicle created: 7 vehicle types
2025-11-27 17:49:25,178 - INFO - dim_location created: 30564 unique locations
2025-11-27 17:49:34,721 - INFO - Starting feature engineering...
2025-11-27 17:49:34,743 - INFO - Created 3 string indexers
2025-11-27 17:49:34,744 - INFO - Feature columns selected: ['Avg VTAT', 'Avg CTAT', 'Ride Distance', 'VehicleType_Index', 'PickupLocation_Index', 'DropLocation_Index']
2025-11-27 17:49:34,749 - INFO - VectorAssembler created
2025-11-27 17:49:40,974 - INFO - Creating facts_rides table...
2025-11-27 17:49:41,086 - INFO - facts_rides created with 13 columns and 150000 records
2025-11-27 17:51:30,904 - INFO - Splitting data into train/test sets (70/30)...
2025-11-27 17:51:31,745 - INFO - Test set: 29850 records
2025-11-27 17:51:32,052 - INFO - Training set: 120150 records
2025-11-27 17:52:00,680 - INFO - Test set: 3014850 records
2025-11-27 17:52:15,626 - INFO - Training set: 12135150 records
2025-11-27 17:52:47,365 - INFO - Defining ML models...
2025-11-27 17:52:47,389 - INFO - RandomForestClassifier: numTrees=50, maxDepth=10, maxBins=200
2025-11-27 17:52:47,397 - INFO - GBTClassifier: maxIter=50, maxBins=200
2025-11-27 17:52:47,397 - INFO - LogisticRegression: maxIter=50
2025-11-27 17:53:19,317 - INFO - Creating ML pipelines...
2025-11-27 17:53:19,318 - INFO - RandomForest pipeline created with 5 stages
2025-11-27 17:53:19,319 - INFO - LogisticRegression pipeline created with 5 stages
2025-11-27 17:53:19,320 - INFO - GBT pipeline created with 5 stages
2025-11-27 17:53:23,065 - INFO - ============================================================
2025-11-27 17:53:23,066 - INFO - STARTING MODEL TRAINING
2025-11-27 17:53:23,067 - INFO - ============================================================
2025-11-27 18:00:52,886 - INFO - Error while sending or receiving.
Traceback (most recent call last):
  File "c:\Users\10314026\AppData\Local\anaconda3\Lib\site-packages\py4j\clientserver.py", line 527, in send_command
    self.socket.sendall(command.encode("utf-8"))
    ~~~~~~~~~~~~~~~~~~~^^^^^^^^^^^^^^^^^^^^^^^^^
ConnectionResetError: [WinError 10054] An existing connection was forcibly closed by the remote host
2025-11-27 18:00:52,902 - INFO - Closing down clientserver connection
2025-11-27 18:00:52,903 - INFO - Exception while sending command.
Traceback (most recent call last):
  File "c:\Users\10314026\AppData\Local\anaconda3\Lib\site-packages\py4j\clientserver.py", line 527, in send_command
    self.socket.sendall(command.encode("utf-8"))
    ~~~~~~~~~~~~~~~~~~~^^^^^^^^^^^^^^^^^^^^^^^^^
ConnectionResetError: [WinError 10054] An existing connection was forcibly closed by the remote host

During handling of the above exception, another exception occurred:

Traceback (most recent call last):
  File "c:\Users\10314026\AppData\Local\anaconda3\Lib\site-packages\py4j\java_gateway.py", line 1038, in send_command
    response = connection.send_command(command)
  File "c:\Users\10314026\AppData\Local\anaconda3\Lib\site-packages\py4j\clientserver.py", line 530, in send_command
    raise Py4JNetworkError(
        "Error while sending", e, proto.ERROR_ON_SEND)
py4j.protocol.Py4JNetworkError: Error while sending
2025-11-27 18:00:54,935 - INFO - Closing down clientserver connection
2025-11-27 18:00:58,650 - INFO - Splitting data into train/test sets (70/30)...
2025-11-27 18:01:00,686 - INFO - Closing down clientserver connection
2025-11-27 18:01:13,973 - INFO - Closing down clientserver connection
2025-11-27 18:01:16,824 - INFO - Creating facts_rides table...
2025-11-27 18:01:18,856 - INFO - Closing down clientserver connection
2025-11-27 18:01:22,017 - INFO - Starting feature engineering...
2025-11-27 18:01:24,056 - INFO - Closing down clientserver connection
2025-11-27 18:01:24,133 - INFO - Closing down clientserver connection
2025-11-27 18:01:24,306 - INFO - Closing down clientserver connection
2025-11-27 18:01:24,307 - INFO - Closing down clientserver connection
2025-11-27 18:01:24,761 - INFO - Error while sending or receiving.
Traceback (most recent call last):
  File "c:\Users\10314026\AppData\Local\anaconda3\Lib\site-packages\py4j\clientserver.py", line 527, in send_command
    self.socket.sendall(command.encode("utf-8"))
    ~~~~~~~~~~~~~~~~~~~^^^^^^^^^^^^^^^^^^^^^^^^^
ConnectionResetError: [WinError 10054] An existing connection was forcibly closed by the remote host
2025-11-27 18:01:24,766 - INFO - Closing down clientserver connection
2025-11-27 18:01:24,768 - INFO - Exception while sending command.
Traceback (most recent call last):
  File "c:\Users\10314026\AppData\Local\anaconda3\Lib\site-packages\py4j\clientserver.py", line 527, in send_command
    self.socket.sendall(command.encode("utf-8"))
    ~~~~~~~~~~~~~~~~~~~^^^^^^^^^^^^^^^^^^^^^^^^^
ConnectionResetError: [WinError 10054] An existing connection was forcibly closed by the remote host

During handling of the above exception, another exception occurred:

Traceback (most recent call last):
  File "c:\Users\10314026\AppData\Local\anaconda3\Lib\site-packages\py4j\java_gateway.py", line 1038, in send_command
    response = connection.send_command(command)
  File "c:\Users\10314026\AppData\Local\anaconda3\Lib\site-packages\py4j\clientserver.py", line 530, in send_command
    raise Py4JNetworkError(
        "Error while sending", e, proto.ERROR_ON_SEND)
py4j.protocol.Py4JNetworkError: Error while sending
2025-11-27 18:01:26,810 - INFO - Closing down clientserver connection
2025-11-27 18:01:26,811 - INFO - Closing down clientserver connection
2025-11-27 18:01:26,812 - INFO - Closing down clientserver connection
2025-11-27 18:01:28,851 - INFO - Closing down clientserver connection
2025-11-27 18:01:28,852 - INFO - Closing down clientserver connection
2025-11-27 18:01:30,879 - INFO - Closing down clientserver connection
2025-11-27 18:01:30,880 - INFO - Closing down clientserver connection
2025-11-27 18:01:32,911 - INFO - Closing down clientserver connection
2025-11-27 18:01:32,912 - INFO - Closing down clientserver connection
2025-11-27 18:01:34,940 - INFO - Closing down clientserver connection
2025-11-27 18:01:34,942 - INFO - Closing down clientserver connection
2025-11-27 18:01:35,854 - INFO - Creating dimension tables...
2025-11-27 18:01:36,985 - INFO - Closing down clientserver connection
2025-11-27 18:01:36,985 - INFO - Closing down clientserver connection
2025-11-27 18:01:37,876 - INFO - Closing down clientserver connection
2025-11-27 18:01:39,018 - INFO - Closing down clientserver connection
2025-11-27 18:01:39,019 - INFO - Closing down clientserver connection
2025-11-27 18:01:41,055 - INFO - Closing down clientserver connection
2025-11-27 18:01:41,056 - INFO - Closing down clientserver connection
2025-11-27 18:01:41,729 - INFO - Creating target column: RideCompleted
2025-11-27 18:01:43,782 - INFO - Closing down clientserver connection
2025-11-27 18:01:51,591 - INFO - ============================================================
2025-11-27 18:01:51,592 - INFO - UBER ANALYTICS PIPELINE EXECUTION STARTED
2025-11-27 18:01:51,593 - INFO - Execution Time: 2025-11-27 18:01:51
2025-11-27 18:01:51,593 - INFO - ============================================================
2025-11-27 18:01:58,608 - INFO - Closing down clientserver connection
2025-11-27 18:01:58,640 - INFO - Closing down clientserver connection
2025-11-27 18:01:58,641 - INFO - Closing down clientserver connection
2025-11-27 18:02:10,288 - INFO - Closing down clientserver connection
2025-11-27 18:07:50,479 - INFO - ============================================================
2025-11-27 18:07:50,481 - INFO - UBER ANALYTICS PIPELINE EXECUTION STARTED
2025-11-27 18:07:50,482 - INFO - Execution Time: 2025-11-27 18:07:50
2025-11-27 18:07:50,483 - INFO - ============================================================
2025-11-27 18:07:53,531 - INFO - Creating target column: RideCompleted
2025-11-27 18:07:53,616 - INFO - Target column created. Total records: 150000
2025-11-27 18:07:57,751 - INFO - Creating dimension tables...
2025-11-27 18:07:58,533 - INFO - dim_customer created: 149779 unique customers
2025-11-27 18:07:58,832 - INFO - dim_driver created: 22 unique driver ratings
2025-11-27 18:07:59,073 - INFO - dim_vehicle created: 7 vehicle types
2025-11-27 18:07:59,692 - INFO - dim_location created: 30564 unique locations
2025-11-27 18:08:18,417 - INFO - Starting feature engineering...
2025-11-27 18:08:18,432 - INFO - Created 3 string indexers
2025-11-27 18:08:18,433 - INFO - Feature columns selected: ['Avg VTAT', 'Avg CTAT', 'Ride Distance', 'VehicleType_Index', 'PickupLocation_Index', 'DropLocation_Index']
2025-11-27 18:08:18,437 - INFO - VectorAssembler created
2025-11-27 18:08:22,615 - INFO - Creating facts_rides table...
2025-11-27 18:08:22,702 - INFO - facts_rides created with 13 columns and 150000 records
2025-11-27 18:08:49,940 - INFO - Splitting data into train/test sets (70/30)...
2025-11-27 18:08:50,771 - INFO - Test set: 29850 records
2025-11-27 18:08:51,079 - INFO - Training set: 120150 records
2025-11-27 18:08:56,674 - INFO - Test set: 328350 records
2025-11-27 18:08:58,325 - INFO - Training set: 1321650 records
2025-11-27 18:09:43,515 - INFO - Defining ML models...
2025-11-27 18:09:43,529 - INFO - RandomForestClassifier: numTrees=50, maxDepth=10, maxBins=200
2025-11-27 18:09:43,537 - INFO - GBTClassifier: maxIter=50, maxBins=200
2025-11-27 18:09:43,538 - INFO - LogisticRegression: maxIter=50
2025-11-27 18:10:32,186 - INFO - Creating ML pipelines...
2025-11-27 18:10:32,187 - INFO - RandomForest pipeline created with 5 stages
2025-11-27 18:10:32,188 - INFO - LogisticRegression pipeline created with 5 stages
2025-11-27 18:10:32,189 - INFO - GBT pipeline created with 5 stages
2025-11-27 18:27:42,107 - INFO - Test set: 3611850 records
2025-11-27 18:28:03,837 - INFO - Training set: 14538150 records
2025-11-27 18:28:03,846 - INFO - Defining ML models...
2025-11-27 18:28:03,852 - INFO - RandomForestClassifier: numTrees=50, maxDepth=10, maxBins=200
2025-11-27 18:28:03,857 - INFO - GBTClassifier: maxIter=50, maxBins=200
2025-11-27 18:28:03,858 - INFO - LogisticRegression: maxIter=50
2025-11-27 18:41:33,707 - INFO - Creating ML pipelines...
2025-11-27 18:41:33,709 - INFO - RandomForest pipeline created with 5 stages
2025-11-27 18:41:33,710 - INFO - LogisticRegression pipeline created with 5 stages
2025-11-27 18:41:33,711 - INFO - GBT pipeline created with 5 stages
2025-11-27 18:41:37,637 - INFO - ============================================================
2025-11-27 18:41:37,638 - INFO - STARTING MODEL TRAINING
2025-11-27 18:41:37,639 - INFO - ============================================================
2025-11-27 18:49:02,277 - INFO - Error while receiving.
Traceback (most recent call last):
  File "c:\Users\10314026\AppData\Local\anaconda3\Lib\site-packages\py4j\clientserver.py", line 535, in send_command
    answer = smart_decode(self.stream.readline()[:-1])
                          ~~~~~~~~~~~~~~~~~~~~^^
  File "c:\Users\10314026\AppData\Local\anaconda3\Lib\socket.py", line 719, in readinto
    return self._sock.recv_into(b)
           ~~~~~~~~~~~~~~~~~~~~^^^
ConnectionResetError: [WinError 10054] An existing connection was forcibly closed by the remote host
2025-11-27 18:49:02,314 - INFO - Closing down clientserver connection
2025-11-27 18:49:02,315 - ERROR - Exception while sending command.
Traceback (most recent call last):
  File "c:\Users\10314026\AppData\Local\anaconda3\Lib\site-packages\py4j\clientserver.py", line 535, in send_command
    answer = smart_decode(self.stream.readline()[:-1])
                          ~~~~~~~~~~~~~~~~~~~~^^
  File "c:\Users\10314026\AppData\Local\anaconda3\Lib\socket.py", line 719, in readinto
    return self._sock.recv_into(b)
           ~~~~~~~~~~~~~~~~~~~~^^^
ConnectionResetError: [WinError 10054] An existing connection was forcibly closed by the remote host

During handling of the above exception, another exception occurred:

Traceback (most recent call last):
  File "c:\Users\10314026\AppData\Local\anaconda3\Lib\site-packages\py4j\java_gateway.py", line 1038, in send_command
    response = connection.send_command(command)
  File "c:\Users\10314026\AppData\Local\anaconda3\Lib\site-packages\py4j\clientserver.py", line 566, in send_command
    raise Py4JNetworkError(
        "Error while sending or receiving", e, proto.ERROR_ON_RECEIVE)
py4j.protocol.Py4JNetworkError: Error while sending or receiving
2025-11-27 18:49:02,316 - INFO - Closing down clientserver connection
2025-11-27 18:49:04,355 - INFO - Closing down clientserver connection
2025-11-27 18:49:04,356 - INFO - Closing down clientserver connection
2025-11-27 18:49:06,400 - INFO - Closing down clientserver connection
2025-11-27 18:49:06,401 - INFO - Closing down clientserver connection
2025-11-27 18:49:08,437 - INFO - Closing down clientserver connection
2025-11-27 18:49:08,439 - INFO - Closing down clientserver connection
2025-11-27 18:49:10,484 - INFO - Closing down clientserver connection
2025-11-27 18:49:10,485 - INFO - Closing down clientserver connection
2025-11-27 18:49:12,535 - INFO - Closing down clientserver connection
2025-11-27 18:49:12,537 - INFO - Closing down clientserver connection
2025-11-27 18:49:14,580 - INFO - Closing down clientserver connection
2025-11-27 18:49:14,581 - INFO - Closing down clientserver connection
2025-11-27 18:49:16,625 - INFO - Closing down clientserver connection
2025-11-27 18:49:16,627 - INFO - Closing down clientserver connection
2025-11-27 18:49:18,671 - INFO - Closing down clientserver connection
2025-11-27 18:49:18,672 - INFO - Closing down clientserver connection
2025-11-27 18:49:20,722 - INFO - Closing down clientserver connection
2025-11-27 18:49:20,724 - INFO - Closing down clientserver connection
2025-11-27 18:49:22,758 - INFO - Closing down clientserver connection
2025-11-27 18:49:22,760 - INFO - Closing down clientserver connection
2025-11-27 18:49:24,785 - INFO - Closing down clientserver connection
2025-11-27 18:49:24,787 - INFO - Closing down clientserver connection
2025-11-27 18:49:26,832 - INFO - Closing down clientserver connection
2025-11-27 18:49:26,834 - INFO - Closing down clientserver connection
2025-11-27 18:49:28,883 - INFO - Closing down clientserver connection
2025-11-27 18:49:28,885 - INFO - Closing down clientserver connection
2025-11-27 18:49:30,929 - INFO - Closing down clientserver connection
2025-11-27 18:49:30,931 - INFO - Closing down clientserver connection
2025-11-27 18:49:32,983 - INFO - Closing down clientserver connection
2025-11-27 18:49:32,984 - INFO - Closing down clientserver connection
2025-11-27 18:49:35,042 - INFO - Closing down clientserver connection
2025-11-27 18:49:35,043 - INFO - Closing down clientserver connection
2025-11-27 18:49:37,080 - INFO - Closing down clientserver connection
2025-11-27 18:49:37,081 - INFO - Closing down clientserver connection
2025-11-27 18:49:39,134 - INFO - Closing down clientserver connection
2025-11-27 18:49:39,135 - INFO - Closing down clientserver connection
2025-11-27 18:49:41,171 - INFO - Closing down clientserver connection
2025-11-27 18:49:41,172 - INFO - Closing down clientserver connection
2025-11-27 18:49:43,219 - INFO - Closing down clientserver connection
2025-11-27 18:49:43,221 - INFO - Closing down clientserver connection
2025-11-27 18:49:45,260 - INFO - Closing down clientserver connection
2025-11-27 18:49:45,261 - INFO - Closing down clientserver connection
2025-11-27 18:49:47,310 - INFO - Closing down clientserver connection
2025-11-27 18:49:47,311 - INFO - Closing down clientserver connection
2025-11-27 18:49:49,351 - INFO - Closing down clientserver connection
2025-11-27 18:49:49,352 - INFO - Closing down clientserver connection
2025-11-27 18:49:51,398 - INFO - Closing down clientserver connection
2025-11-27 18:49:51,399 - INFO - Closing down clientserver connection
2025-11-27 18:49:53,444 - INFO - Closing down clientserver connection
2025-11-27 18:49:53,445 - INFO - Closing down clientserver connection
2025-11-27 18:55:38,528 - INFO - ============================================================
2025-11-27 18:55:38,529 - INFO - STARTING MODEL PREDICTIONS
2025-11-27 18:55:38,530 - INFO - ============================================================
2025-11-27 18:55:43,396 - INFO - ============================================================
2025-11-27 18:55:43,397 - INFO - STARTING MODEL TRAINING
2025-11-27 18:55:43,397 - INFO - ============================================================
2025-11-27 18:55:43,398 - INFO - Error while sending or receiving.
Traceback (most recent call last):
  File "c:\Users\10314026\AppData\Local\anaconda3\Lib\site-packages\py4j\clientserver.py", line 527, in send_command
    self.socket.sendall(command.encode("utf-8"))
    ~~~~~~~~~~~~~~~~~~~^^^^^^^^^^^^^^^^^^^^^^^^^
ConnectionResetError: [WinError 10054] An existing connection was forcibly closed by the remote host
2025-11-27 18:55:43,399 - INFO - Closing down clientserver connection
2025-11-27 18:55:43,400 - INFO - Exception while sending command.
Traceback (most recent call last):
  File "c:\Users\10314026\AppData\Local\anaconda3\Lib\site-packages\py4j\clientserver.py", line 527, in send_command
    self.socket.sendall(command.encode("utf-8"))
    ~~~~~~~~~~~~~~~~~~~^^^^^^^^^^^^^^^^^^^^^^^^^
ConnectionResetError: [WinError 10054] An existing connection was forcibly closed by the remote host

During handling of the above exception, another exception occurred:

Traceback (most recent call last):
  File "c:\Users\10314026\AppData\Local\anaconda3\Lib\site-packages\py4j\java_gateway.py", line 1038, in send_command
    response = connection.send_command(command)
  File "c:\Users\10314026\AppData\Local\anaconda3\Lib\site-packages\py4j\clientserver.py", line 530, in send_command
    raise Py4JNetworkError(
        "Error while sending", e, proto.ERROR_ON_SEND)
py4j.protocol.Py4JNetworkError: Error while sending
2025-11-27 18:55:45,433 - INFO - Closing down clientserver connection
2025-11-27 18:58:19,708 - INFO - ============================================================
2025-11-27 18:58:19,709 - INFO - STARTING MODEL TRAINING
2025-11-27 18:58:19,710 - INFO - ============================================================
2025-11-27 18:58:21,742 - INFO - Closing down clientserver connection
2025-11-27 19:01:46,857 - INFO - ============================================================
2025-11-27 19:01:46,858 - INFO - UBER ANALYTICS PIPELINE EXECUTION STARTED
2025-11-27 19:01:46,859 - INFO - Execution Time: 2025-11-27 19:01:46
2025-11-27 19:01:46,860 - INFO - ============================================================
2025-11-27 19:01:54,451 - INFO - ============================================================
2025-11-27 19:01:54,452 - INFO - UBER ANALYTICS PIPELINE EXECUTION STARTED
2025-11-27 19:01:54,452 - INFO - Execution Time: 2025-11-27 19:01:54
2025-11-27 19:01:54,453 - INFO - ============================================================
2025-11-27 19:01:56,938 - INFO - Creating target column: RideCompleted
2025-11-27 19:01:57,021 - INFO - Target column created. Total records: 150000
2025-11-27 19:02:04,045 - INFO - Creating dimension tables...
2025-11-27 19:02:04,877 - INFO - dim_customer created: 149779 unique customers
2025-11-27 19:02:05,176 - INFO - dim_driver created: 22 unique driver ratings
2025-11-27 19:02:05,423 - INFO - dim_vehicle created: 7 vehicle types
2025-11-27 19:02:06,088 - INFO - dim_location created: 30564 unique locations
2025-11-27 19:02:09,880 - INFO - Starting feature engineering...
2025-11-27 19:02:09,895 - INFO - Created 3 string indexers
2025-11-27 19:02:09,896 - INFO - Feature columns selected: ['Avg VTAT', 'Avg CTAT', 'Ride Distance', 'VehicleType_Index', 'PickupLocation_Index', 'DropLocation_Index']
2025-11-27 19:02:09,901 - INFO - VectorAssembler created
2025-11-27 19:02:12,587 - INFO - Creating facts_rides table...
2025-11-27 19:02:12,667 - INFO - facts_rides created with 13 columns and 150000 records
2025-11-27 19:03:26,863 - INFO - Splitting data into train/test sets (70/30)...
2025-11-27 19:03:27,611 - INFO - Test set: 29850 records
2025-11-27 19:03:28,011 - INFO - Training set: 120150 records
2025-11-27 19:03:32,032 - INFO - Test set: 328350 records
2025-11-27 19:03:34,255 - INFO - Training set: 1321650 records
2025-11-27 19:03:36,810 - INFO - Defining ML models...
2025-11-27 19:03:36,827 - INFO - RandomForestClassifier: numTrees=50, maxDepth=10, maxBins=200
2025-11-27 19:03:36,836 - INFO - GBTClassifier: maxIter=50, maxBins=200
2025-11-27 19:03:36,836 - INFO - LogisticRegression: maxIter=50
2025-11-27 19:04:00,103 - INFO - Creating ML pipelines...
2025-11-27 19:04:00,105 - INFO - RandomForest pipeline created with 5 stages
2025-11-27 19:04:00,106 - INFO - LogisticRegression pipeline created with 5 stages
2025-11-27 19:04:00,106 - INFO - GBT pipeline created with 5 stages
2025-11-27 19:04:22,232 - INFO - ============================================================
2025-11-27 19:04:22,233 - INFO - STARTING MODEL TRAINING
2025-11-27 19:04:22,234 - INFO - ============================================================
2025-11-27 19:05:05,884 - INFO - RandomForest training completed in 43.65 seconds
2025-11-27 19:05:25,899 - INFO - LogisticRegression training completed in 20.01 seconds
2025-11-27 19:07:37,678 - INFO - GBTClassifier training completed in 131.78 seconds
2025-11-27 19:07:37,680 - INFO - Total training time: 195.44 seconds
2025-11-27 19:07:58,495 - INFO - ============================================================
2025-11-27 19:07:58,495 - INFO - STARTING MODEL PREDICTIONS
2025-11-27 19:07:58,496 - INFO - ============================================================
2025-11-27 19:08:46,774 - INFO - Evaluating model performance...
2025-11-27 19:08:48,834 - INFO - RandomForest RMSE: 0.2093
2025-11-27 19:08:51,553 - INFO - GBTClassifier RMSE: 0.2093
2025-11-27 19:08:51,554 - INFO - LogisticRegression RMSE: 0.2286
2025-11-27 19:09:00,810 - INFO - ============================================================
2025-11-27 19:09:00,811 - INFO - FINAL BENCHMARK RESULTS
2025-11-27 19:09:00,812 - INFO - ============================================================
2025-11-27 19:09:08,840 - INFO - RandomForest -> Accuracy: 0.9562, RMSE: 0.2093
2025-11-27 19:09:08,841 - INFO - GBTClassifier -> Accuracy: 0.9562, RMSE: 0.2093
2025-11-27 19:09:08,842 - INFO - LogisticRegression -> Accuracy: 0.9477, RMSE: 0.2286
2025-11-27 19:09:08,843 - INFO - ============================================================
2025-11-27 19:09:08,844 - INFO - PIPELINE EXECUTION COMPLETED SUCCESSFULLY
2025-11-27 19:09:08,845 - INFO - ============================================================
2025-11-27 19:16:32,017 - INFO - ============================================================
2025-11-27 19:16:32,018 - INFO - UBER ANALYTICS PIPELINE EXECUTION STARTED
2025-11-27 19:16:32,019 - INFO - Execution Time: 2025-11-27 19:16:32
2025-11-27 19:16:32,019 - INFO - ============================================================
2025-11-27 19:16:34,937 - INFO - Creating target column: RideCompleted
2025-11-27 19:16:35,026 - INFO - Target column created. Total records: 150000
2025-11-27 19:16:39,431 - INFO - Creating dimension tables...
2025-11-27 19:16:40,259 - INFO - dim_customer created: 149779 unique customers
2025-11-27 19:16:40,593 - INFO - dim_driver created: 22 unique driver ratings
2025-11-27 19:16:40,837 - INFO - dim_vehicle created: 7 vehicle types
2025-11-27 19:16:41,549 - INFO - dim_location created: 30564 unique locations
2025-11-27 19:16:43,321 - INFO - Starting feature engineering...
2025-11-27 19:16:43,336 - INFO - Created 3 string indexers
2025-11-27 19:16:43,337 - INFO - Feature columns selected: ['Avg VTAT', 'Avg CTAT', 'Ride Distance', 'VehicleType_Index', 'PickupLocation_Index', 'DropLocation_Index']
2025-11-27 19:16:43,342 - INFO - VectorAssembler created
2025-11-27 19:16:46,377 - INFO - Creating facts_rides table...
2025-11-27 19:16:46,473 - INFO - facts_rides created with 13 columns and 150000 records
2025-11-27 19:16:56,667 - INFO - Splitting data into train/test sets (70/30)...
2025-11-27 19:16:57,440 - INFO - Test set: 29850 records
2025-11-27 19:16:57,730 - INFO - Training set: 120150 records
2025-11-27 19:17:02,146 - INFO - Defining ML models...
2025-11-27 19:17:02,164 - INFO - RandomForestClassifier: numTrees=50, maxDepth=10, maxBins=200
2025-11-27 19:17:02,172 - INFO - GBTClassifier: maxIter=50, maxBins=200
2025-11-27 19:17:02,173 - INFO - LogisticRegression: maxIter=50
2025-11-27 19:17:23,944 - INFO - Creating ML pipelines...
2025-11-27 19:17:23,946 - INFO - RandomForest pipeline created with 5 stages
2025-11-27 19:17:23,946 - INFO - LogisticRegression pipeline created with 5 stages
2025-11-27 19:17:23,947 - INFO - GBT pipeline created with 5 stages
2025-11-27 19:17:34,207 - INFO - ============================================================
2025-11-27 19:17:34,208 - INFO - STARTING MODEL TRAINING
2025-11-27 19:17:34,208 - INFO - ============================================================
2025-11-27 19:17:44,177 - INFO - RandomForest training completed in 9.97 seconds
2025-11-27 19:17:49,006 - INFO - LogisticRegression training completed in 4.83 seconds
2025-11-27 19:18:12,623 - INFO - GBTClassifier training completed in 23.62 seconds
2025-11-27 19:18:12,624 - INFO - Total training time: 38.41 seconds
2025-11-27 19:25:31,111 - INFO - Test set: 16745850 records
2025-11-27 19:28:55,416 - INFO - Training set: 67404150 records
2025-11-27 19:32:03,057 - INFO - Defining ML models...
2025-11-27 19:32:03,060 - INFO - RandomForestClassifier: numTrees=50, maxDepth=10, maxBins=200
2025-11-27 19:32:03,063 - INFO - GBTClassifier: maxIter=50, maxBins=200
2025-11-27 19:32:03,064 - INFO - LogisticRegression: maxIter=50
2025-11-27 19:32:19,405 - INFO - Creating ML pipelines...
2025-11-27 19:32:19,406 - INFO - RandomForest pipeline created with 5 stages
2025-11-27 19:32:19,406 - INFO - LogisticRegression pipeline created with 5 stages
2025-11-27 19:32:19,407 - INFO - GBT pipeline created with 5 stages
2025-11-27 19:32:25,656 - INFO - ============================================================
2025-11-27 19:32:25,656 - INFO - STARTING MODEL TRAINING
2025-11-27 19:32:25,657 - INFO - ============================================================
2025-11-27 20:16:01,335 - INFO - ============================================================
2025-11-27 20:16:01,336 - INFO - UBER ANALYTICS PIPELINE EXECUTION STARTED
2025-11-27 20:16:01,337 - INFO - Execution Time: 2025-11-27 20:16:01
2025-11-27 20:16:01,337 - INFO - ============================================================
2025-11-27 20:16:01,344 - INFO - Creating target column: RideCompleted
2025-11-27 20:16:01,472 - INFO - Target column created. Total records: 150000
2025-11-27 20:16:01,499 - INFO - Creating dimension tables...
2025-11-27 20:16:02,418 - INFO - dim_customer created: 149779 unique customers
2025-11-27 20:16:02,687 - INFO - dim_driver created: 22 unique driver ratings
2025-11-27 20:16:02,930 - INFO - dim_vehicle created: 7 vehicle types
2025-11-27 20:16:03,528 - INFO - dim_location created: 30564 unique locations
2025-11-27 20:16:03,535 - INFO - Starting feature engineering...
2025-11-27 20:16:03,624 - INFO - Created 3 string indexers
2025-11-27 20:16:03,624 - INFO - Feature columns selected: ['Avg VTAT', 'Avg CTAT', 'Ride Distance', 'VehicleType_Index', 'PickupLocation_Index', 'DropLocation_Index']
2025-11-27 20:16:03,629 - INFO - VectorAssembler created
2025-11-27 20:16:03,636 - INFO - Creating facts_rides table...
2025-11-27 20:16:03,742 - INFO - facts_rides created with 13 columns and 150000 records
2025-11-27 20:16:05,604 - INFO - Splitting data into train/test sets (70/30)...
2025-11-27 20:16:06,414 - INFO - Test set: 29850 records
2025-11-27 20:16:06,788 - INFO - Training set: 120150 records
2025-11-27 20:16:13,902 - INFO - Test set: 925350 records
2025-11-27 20:16:18,853 - INFO - Training set: 3724650 records
2025-11-27 20:16:18,861 - INFO - Defining ML models...
2025-11-27 20:16:18,894 - INFO - RandomForestClassifier: numTrees=50, maxDepth=10, maxBins=200
2025-11-27 20:16:18,924 - INFO - GBTClassifier: maxIter=50, maxBins=200
2025-11-27 20:16:18,925 - INFO - LogisticRegression: maxIter=50
2025-11-27 20:16:18,969 - INFO - Creating ML pipelines...
2025-11-27 20:16:18,971 - INFO - RandomForest pipeline created with 5 stages
2025-11-27 20:16:18,972 - INFO - LogisticRegression pipeline created with 5 stages
2025-11-27 20:16:18,973 - INFO - GBT pipeline created with 5 stages
2025-11-27 20:16:18,982 - INFO - ============================================================
2025-11-27 20:16:18,984 - INFO - STARTING MODEL TRAINING
2025-11-27 20:16:18,984 - INFO - ============================================================
2025-11-27 20:18:07,858 - INFO - RandomForest training completed in 108.87 seconds
2025-11-27 20:19:00,089 - INFO - LogisticRegression training completed in 52.23 seconds
2025-11-27 20:26:28,706 - INFO - GBTClassifier training completed in 448.62 seconds
2025-11-27 20:26:28,707 - INFO - Total training time: 609.72 seconds
2025-11-27 20:26:28,713 - INFO - ============================================================
2025-11-27 20:26:28,714 - INFO - STARTING MODEL PREDICTIONS
2025-11-27 20:26:28,715 - INFO - ============================================================
2025-11-27 20:26:29,112 - INFO - Evaluating model performance...
2025-11-27 20:26:35,481 - INFO - RandomForest RMSE: 0.2091
2025-11-27 20:26:44,928 - INFO - GBTClassifier RMSE: 0.2101
2025-11-27 20:26:44,929 - INFO - LogisticRegression RMSE: 0.2286
2025-11-27 20:26:44,958 - INFO - ============================================================
2025-11-27 20:26:44,959 - INFO - FINAL BENCHMARK RESULTS
2025-11-27 20:26:44,960 - INFO - ============================================================
2025-11-27 20:27:09,974 - INFO - RandomForest -> Accuracy: 0.9563, RMSE: 0.2091
2025-11-27 20:27:09,975 - INFO - GBTClassifier -> Accuracy: 0.9558, RMSE: 0.2101
2025-11-27 20:27:09,976 - INFO - LogisticRegression -> Accuracy: 0.9477, RMSE: 0.2286
2025-11-27 20:27:09,977 - INFO - ============================================================
2025-11-27 20:27:09,978 - INFO - PIPELINE EXECUTION COMPLETED SUCCESSFULLY
2025-11-27 20:27:09,980 - INFO - ============================================================
2025-11-27 20:38:51,492 - INFO - Using categorical units to plot a list of strings that are all parsable as floats or dates. If these strings should be plotted as numbers, cast to the appropriate data type before plotting.
2025-11-27 20:38:51,496 - INFO - Using categorical units to plot a list of strings that are all parsable as floats or dates. If these strings should be plotted as numbers, cast to the appropriate data type before plotting.
2025-11-27 20:38:53,291 - INFO - ============================================================
2025-11-27 20:38:53,292 - INFO - UBER ANALYTICS PIPELINE EXECUTION STARTED
2025-11-27 20:38:53,293 - INFO - Execution Time: 2025-11-27 20:38:53
2025-11-27 20:38:53,294 - INFO - ============================================================
2025-11-27 20:38:53,300 - INFO - Creating target column: RideCompleted
2025-11-27 20:38:53,388 - INFO - Target column created. Total records: 150000
2025-11-27 20:38:53,403 - INFO - Creating dimension tables...
2025-11-27 20:38:54,014 - INFO - dim_customer created: 149779 unique customers
2025-11-27 20:38:54,191 - INFO - dim_driver created: 22 unique driver ratings
2025-11-27 20:38:54,342 - INFO - dim_vehicle created: 7 vehicle types
2025-11-27 20:38:54,809 - INFO - dim_location created: 30564 unique locations
2025-11-27 20:38:54,817 - INFO - Starting feature engineering...
2025-11-27 20:38:54,822 - INFO - Created 3 string indexers
2025-11-27 20:38:54,823 - INFO - Feature columns selected: ['Avg VTAT', 'Avg CTAT', 'Ride Distance', 'VehicleType_Index', 'PickupLocation_Index', 'DropLocation_Index']
2025-11-27 20:38:54,825 - INFO - VectorAssembler created
2025-11-27 20:38:54,831 - INFO - Creating facts_rides table...
2025-11-27 20:38:54,910 - INFO - facts_rides created with 13 columns and 150000 records
2025-11-27 20:38:56,273 - INFO - Splitting data into train/test sets (70/30)...
2025-11-27 20:38:56,586 - INFO - Test set: 29850 records
2025-11-27 20:38:56,895 - INFO - Training set: 120150 records
2025-11-27 20:39:03,959 - INFO - Test set: 1223850 records
2025-11-27 20:39:10,821 - INFO - Training set: 4926150 records
2025-11-27 20:39:10,830 - INFO - Defining ML models...
2025-11-27 20:39:10,836 - INFO - RandomForestClassifier: numTrees=50, maxDepth=10, maxBins=200
2025-11-27 20:39:10,840 - INFO - GBTClassifier: maxIter=50, maxBins=200
2025-11-27 20:39:10,841 - INFO - LogisticRegression: maxIter=50
2025-11-27 20:39:10,852 - INFO - Creating ML pipelines...
2025-11-27 20:39:10,854 - INFO - RandomForest pipeline created with 5 stages
2025-11-27 20:39:10,855 - INFO - LogisticRegression pipeline created with 5 stages
2025-11-27 20:39:10,856 - INFO - GBT pipeline created with 5 stages
2025-11-27 20:39:10,867 - INFO - ============================================================
2025-11-27 20:39:10,868 - INFO - STARTING MODEL TRAINING
2025-11-27 20:39:10,869 - INFO - ============================================================
2025-11-27 20:41:24,589 - INFO - RandomForest training completed in 133.72 seconds
2025-11-27 20:42:43,572 - INFO - LogisticRegression training completed in 78.98 seconds
2025-11-27 20:51:11,681 - INFO - GBTClassifier training completed in 508.11 seconds
2025-11-27 20:51:11,683 - INFO - Total training time: 720.81 seconds
2025-11-27 20:51:11,693 - INFO - ============================================================
2025-11-27 20:51:11,694 - INFO - STARTING MODEL PREDICTIONS
2025-11-27 20:51:11,695 - INFO - ============================================================
2025-11-27 20:51:12,362 - INFO - Evaluating model performance...
2025-11-27 20:51:20,306 - INFO - RandomForest RMSE: 0.2101
2025-11-27 20:51:33,847 - INFO - GBTClassifier RMSE: 0.2096
2025-11-27 20:51:33,849 - INFO - LogisticRegression RMSE: 0.2286
2025-11-27 20:51:33,876 - INFO - ============================================================
2025-11-27 20:51:33,878 - INFO - FINAL BENCHMARK RESULTS
2025-11-27 20:51:33,879 - INFO - ============================================================
2025-11-27 20:52:10,603 - INFO - RandomForest -> Accuracy: 0.9558, RMSE: 0.2101
2025-11-27 20:52:10,605 - INFO - GBTClassifier -> Accuracy: 0.9560, RMSE: 0.2096
2025-11-27 20:52:10,606 - INFO - LogisticRegression -> Accuracy: 0.9477, RMSE: 0.2286
2025-11-27 20:52:10,608 - INFO - ============================================================
2025-11-27 20:52:10,609 - INFO - PIPELINE EXECUTION COMPLETED SUCCESSFULLY
2025-11-27 20:52:10,611 - INFO - ============================================================
